// Jest Snapshot v1, https://goo.gl/fbAQLP

exports[`<CodebookScreen /> can render 1`] = `
<withState(withContext(Screen))
  buttons={
    Array [
      <Button
        color=""
        content=""
        disabled={false}
        icon="arrow-right"
        iconPosition="right"
        onClick={[Function]}
        size=""
        type="button"
      >
        Return to Timeline
      </Button>,
    ]
  }
  onAcknowledgeError={[Function]}
  show={true}
  transitionState={null}
>
  <Layout
    className=""
  >
    <Section
      className=""
      compactNext={false}
      disabled={false}
      group={false}
    >
      <h1>
        Codebook
      </h1>
      <p>
        Below you can find an overview of the node and edge types that you have defined while creating your interview. Entities that are unused may be deleted.
      </p>
    </Section>
    <Connect(Codebook) />
  </Layout>
</withState(withContext(Screen))>
`;
